$ pdflatex -interaction=nonstopmode -halt-on-error main_review.tex
This is pdfTeX, Version 3.141592653-2.6-1.40.25 (TeX Live 2023/Debian) (preloaded format=pdflatex)
 restricted \write18 enabled.
entering extended mode
(./main_review.tex
LaTeX2e <2023-11-01> patch level 1
L3 programming layer <2024-01-22>
(./main.tex (/usr/share/texlive/texmf-dist/tex/latex/base/article.cls
Document Class: article 2023/05/17 v1.4n Standard LaTeX document class
(/usr/share/texlive/texmf-dist/tex/latex/base/size10.clo)) (./preamble.tex
(/usr/share/texlive/texmf-dist/tex/latex/base/fontenc.sty)
(/usr/share/texlive/texmf-dist/tex/latex/base/inputenc.sty)
(/usr/share/texmf/tex/latex/lm/lmodern.sty)
(/usr/share/texlive/texmf-dist/tex/latex/microtype/microtype.sty
(/usr/share/texlive/texmf-dist/tex/latex/graphics/keyval.sty)
(/usr/share/texlive/texmf-dist/tex/latex/etoolbox/etoolbox.sty)
(/usr/share/texlive/texmf-dist/tex/latex/microtype/microtype-pdftex.def)
(/usr/share/texlive/texmf-dist/tex/latex/microtype/microtype.cfg))
(/usr/share/texlive/texmf-dist/tex/latex/geometry/geometry.sty
(/usr/share/texlive/texmf-dist/tex/generic/iftex/ifvtex.sty
(/usr/share/texlive/texmf-dist/tex/generic/iftex/iftex.sty)))
(/usr/share/texlive/texmf-dist/tex/latex/amsfonts/amssymb.sty
(/usr/share/texlive/texmf-dist/tex/latex/amsfonts/amsfonts.sty))
(/usr/share/texlive/texmf-dist/tex/latex/mathtools/mathtools.sty
(/usr/share/texlive/texmf-dist/tex/latex/tools/calc.sty)
(/usr/share/texlive/texmf-dist/tex/latex/mathtools/mhsetup.sty)
(/usr/share/texlive/texmf-dist/tex/latex/amsmath/amsmath.sty
For additional information on amsmath, use the `?' option.
(/usr/share/texlive/texmf-dist/tex/latex/amsmath/amstext.sty
(/usr/share/texlive/texmf-dist/tex/latex/amsmath/amsgen.sty))
(/usr/share/texlive/texmf-dist/tex/latex/amsmath/amsbsy.sty)
(/usr/share/texlive/texmf-dist/tex/latex/amsmath/amsopn.sty)))
(/usr/share/texlive/texmf-dist/tex/latex/amscls/amsthm.sty)
(/usr/share/texlive/texmf-dist/tex/latex/tools/bm.sty)
(/usr/share/texlive/texmf-dist/tex/latex/booktabs/booktabs.sty)
(/usr/share/texlive/texmf-dist/tex/latex/tools/array.sty)
(/usr/share/texlive/texmf-dist/tex/latex/tools/tabularx.sty)
(/usr/share/texlive/texmf-dist/tex/latex/tools/longtable.sty)
(/usr/share/texlive/texmf-dist/tex/latex/enumitem/enumitem.sty)
(/usr/share/texlive/texmf-dist/tex/latex/xcolor/xcolor.sty
(/usr/share/texlive/texmf-dist/tex/latex/graphics-cfg/color.cfg)
(/usr/share/texlive/texmf-dist/tex/latex/graphics-def/pdftex.def)
(/usr/share/texlive/texmf-dist/tex/latex/graphics/mathcolor.ltx))
(/usr/share/texlive/texmf-dist/tex/latex/graphics/graphicx.sty
(/usr/share/texlive/texmf-dist/tex/latex/graphics/graphics.sty
(/usr/share/texlive/texmf-dist/tex/latex/graphics/trig.sty)
(/usr/share/texlive/texmf-dist/tex/latex/graphics-cfg/graphics.cfg)))
(/usr/share/texlive/texmf-dist/tex/latex/url/url.sty)
(/usr/share/texlive/texmf-dist/tex/latex/hyperref/hyperref.sty
(/usr/share/texlive/texmf-dist/tex/latex/kvsetkeys/kvsetkeys.sty)
(/usr/share/texlive/texmf-dist/tex/generic/kvdefinekeys/kvdefinekeys.sty)
(/usr/share/texlive/texmf-dist/tex/generic/pdfescape/pdfescape.sty
(/usr/share/texlive/texmf-dist/tex/generic/ltxcmds/ltxcmds.sty)
(/usr/share/texlive/texmf-dist/tex/generic/pdftexcmds/pdftexcmds.sty
(/usr/share/texlive/texmf-dist/tex/generic/infwarerr/infwarerr.sty)))
(/usr/share/texlive/texmf-dist/tex/latex/hycolor/hycolor.sty)
(/usr/share/texlive/texmf-dist/tex/latex/auxhook/auxhook.sty)
(/usr/share/texlive/texmf-dist/tex/latex/hyperref/nameref.sty
(/usr/share/texlive/texmf-dist/tex/latex/refcount/refcount.sty)
(/usr/share/texlive/texmf-dist/tex/generic/gettitlestring/gettitlestring.sty
(/usr/share/texlive/texmf-dist/tex/latex/kvoptions/kvoptions.sty)))
(/usr/share/texlive/texmf-dist/tex/latex/hyperref/pd1enc.def)
(/usr/share/texlive/texmf-dist/tex/generic/intcalc/intcalc.sty)
(/usr/share/texlive/texmf-dist/tex/latex/hyperref/puenc.def)
(/usr/share/texlive/texmf-dist/tex/generic/bitset/bitset.sty
(/usr/share/texlive/texmf-dist/tex/generic/bigintcalc/bigintcalc.sty))
(/usr/share/texlive/texmf-dist/tex/latex/base/atbegshi-ltx.sty))
(/usr/share/texlive/texmf-dist/tex/latex/hyperref/hpdftex.def
(/usr/share/texlive/texmf-dist/tex/latex/base/atveryend-ltx.sty)
(/usr/share/texlive/texmf-dist/tex/latex/rerunfilecheck/rerunfilecheck.sty
(/usr/share/texlive/texmf-dist/tex/generic/uniquecounter/uniquecounter.sty)))
(/usr/share/texlive/texmf-dist/tex/latex/cleveref/cleveref.sty))
(/usr/share/texmf/tex/latex/lm/t1lmr.fd)
(/usr/share/texlive/texmf-dist/tex/latex/l3backend/l3backend-pdftex.def)
No file main_review.aux.
(/usr/share/texlive/texmf-dist/tex/latex/microtype/mt-cmr.cfg)
*geometry* driver: auto-detecting
*geometry* detected driver: pdftex
(/usr/share/texlive/texmf-dist/tex/context/base/mkii/supp-pdf.mkii
[Loading MPS to PDF converter (version 2006.09.02).]
) (/usr/share/texlive/texmf-dist/tex/latex/epstopdf-pkg/epstopdf-base.sty
(/usr/share/texlive/texmf-dist/tex/latex/grfext/grfext.sty)
(/usr/share/texlive/texmf-dist/tex/latex/latexconfig/epstopdf-sys.cfg))
(/usr/share/texmf/tex/latex/lm/ot1lmr.fd)
(/usr/share/texmf/tex/latex/lm/omllmm.fd)
(/usr/share/texmf/tex/latex/lm/omslmsy.fd)
(/usr/share/texmf/tex/latex/lm/omxlmex.fd)
(/usr/share/texlive/texmf-dist/tex/latex/amsfonts/umsa.fd)
(/usr/share/texlive/texmf-dist/tex/latex/microtype/mt-msa.cfg)
(/usr/share/texlive/texmf-dist/tex/latex/amsfonts/umsb.fd)
(/usr/share/texlive/texmf-dist/tex/latex/microtype/mt-msb.cfg)
(./sections/01_introduction.tex

LaTeX Warning: Citation `higham1986polar' on page 1 undefined on input line 30.



LaTeX Warning: Citation `pethick2025lmo' on page 1 undefined on input line 35.


LaTeX Warning: Citation `xie2026controlled' on page 1 undefined on input line 3
7.


LaTeX Warning: Citation `li2026intrinsic' on page 1 undefined on input line 38.



LaTeX Warning: Citation `li2026intrinsic' on page 1 undefined on input line 44.



LaTeX Warning: Citation `yang2026manifold' on page 1 undefined on input line 45
.


LaTeX Warning: Citation `solonko2026skewon' on page 1 undefined on input line 4
7.

[1{/var/lib/texmf/fonts/map/pdftex/updmap/pdftex.map}{/usr/share/texmf/fonts/en
c/dvips/lm/lm-ec.enc}{/usr/share/texmf/fonts/enc/dvips/lm/lm-mathit.enc}{/usr/s
hare/texmf/fonts/enc/dvips/lm/lm-rm.enc}{/usr/share/texmf/fonts/enc/dvips/lm/lm
-mathsy.enc}{/usr/share/texmf/fonts/enc/dvips/lm/lm-mathex.enc}]

LaTeX Warning: Reference `eq:D' on page 2 undefined on input line 53.


LaTeX Warning: Citation `singer1970best' on page 2 undefined on input line 58.


LaTeX Warning: Citation `watson1992subdifferential' on page 2 undefined on inpu
t line 58.


LaTeX Warning: Citation `zietak1993faces' on page 2 undefined on input line 58.



LaTeX Warning: Citation `watson1993kyfan' on page 2 undefined on input line 58.



LaTeX Warning: Citation `bhatia1999orthogonality' on page 2 undefined on input 
line 58.


LaTeX Warning: Citation `grover2014distance' on page 2 undefined on input line 
58.


LaTeX Warning: Citation `johnston2022trace' on page 2 undefined on input line 5
8.


LaTeX Warning: Citation `grover2026kyfan' on page 2 undefined on input line 58.



LaTeX Warning: Citation `liu2009nuclear' on page 2 undefined on input line 59.


LaTeX Warning: Citation `hoheisel2023uniqueness' on page 2 undefined on input l
ine 61.


LaTeX Warning: Citation `lewis2005nonsmooth1' on page 2 undefined on input line
 70.


LaTeX Warning: Citation `lewis2005nonsmooth2' on page 2 undefined on input line
 70.


LaTeX Warning: Citation `he2026twice' on page 2 undefined on input line 71.


LaTeX Warning: Citation `higham1986polar' on page 2 undefined on input line 76.



LaTeX Warning: Citation `mathias1993polar' on page 2 undefined on input line 76
.


LaTeX Warning: Citation `legg1985canonical' on page 2 undefined on input line 7
9.


LaTeX Warning: Citation `zietak2017strict' on page 2 undefined on input line 80
.


LaTeX Warning: Citation `watson1992subdifferential' on page 2 undefined on inpu
t line 121.


LaTeX Warning: Citation `lewis1995convex' on page 2 undefined on input line 121
.


LaTeX Warning: Citation `nesterov2005smooth' on page 2 undefined on input line 
131.


LaTeX Warning: Citation `liu2009nuclear' on page 2 undefined on input line 131.



LaTeX Warning: Citation `lobos2025smooth' on page 2 undefined on input line 131
.


LaTeX Warning: Citation `attouch1984variational' on page 2 undefined on input l
ine 131.


LaTeX Warning: Citation `basu2022central' on page 2 undefined on input line 141
.

[2]

LaTeX Warning: Reference `sec:failure' on page 1 undefined on input line 157.


LaTeX Warning: Reference `sec:duality' on page 1 undefined on input line 157.


LaTeX Warning: Reference `sec:rates' on page 1 undefined on input line 158.


LaTeX Warning: Reference `sec:smoothing' on page 1 undefined on input line 158.



LaTeX Warning: Reference `sec:numerics' on page 1 undefined on input line 159.

) (./sections/02_exact_geometry.tex

LaTeX Warning: Reference `eq:full-subdiff' on page 3 undefined on input line 8.



LaTeX Warning: Reference `eq:strong-duality' on page 3 undefined on input line 
43.


LaTeX Warning: Reference `eq:lambda-bound' on page 3 undefined on input line 46
.


LaTeX Warning: Reference `eq:solution-face' on page 3 undefined on input line 4
9.


LaTeX Warning: Reference `eq:compact-root' on page 3 undefined on input line 74
.


LaTeX Warning: Reference `eq:compact-root' on page 3 undefined on input line 79
.


LaTeX Warning: Reference `eq:full-subdiff' on page 3 undefined on input line 85
.


LaTeX Warning: Reference `eq:scalar-interval' on page 3 undefined on input line
 88.


LaTeX Warning: Reference `eq:endpoint-face' on page 3 undefined on input line 1
02.


LaTeX Warning: Citation `halicka2002convergence' on page 3 undefined on input l
ine 114.


LaTeX Warning: Citation `halicka2005limiting' on page 3 undefined on input line
 114.


LaTeX Warning: Citation `basu2022central' on page 3 undefined on input line 115
.


LaTeX Warning: Reference `sec:rates' on page 1 undefined on input line 116.

[3]

LaTeX Warning: Reference `eq:lambda-bound' on page 4 undefined on input line 12
8.


LaTeX Warning: Reference `eq:KF-main' on page 4 undefined on input line 129.

) (./sections/03_failure_completion.tex

LaTeX Warning: Reference `eq:2by2-jump' on page 4 undefined on input line 60.


LaTeX Warning: Reference `sec:rates' on page 1 undefined on input line 66.

[4]

LaTeX Warning: Reference `eq:compact-root' on page 5 undefined on input line 10
4.


LaTeX Warning: Reference `thm:interval' on page 1 undefined on input line 145.


LaTeX Warning: Reference `eq:sharp-growth' on page 5 undefined on input line 14
9.


LaTeX Warning: Reference `eq:sharp-growth' on page 5 undefined on input line 16
0.


LaTeX Warning: Reference `eq:beta-closed' on page 5 undefined on input line 191
.

[5]

LaTeX Warning: Reference `eq:solution-face' on page 6 undefined on input line 2
06.


LaTeX Warning: Reference `sec:rates' on page 1 undefined on input line 265.

[6]

LaTeX Warning: Reference `eq:rank-one-normal' on page 7 undefined on input line
 313.


LaTeX Warning: Reference `eq:KF-main' on page 7 undefined on input line 356.


LaTeX Warning: Reference `cor:center-agreement-main' on page 1 undefined on inp
ut line 358.

) (./sections/04_fenchel_selection.tex

LaTeX Warning: Citation `mustafi2026move' on page 7 undefined on input line 14.



LaTeX Warning: Citation `lobos2025smooth' on page 7 undefined on input line 14.



LaTeX Warning: Citation `feoktistov2026softsign' on page 7 undefined on input l
ine 14.


LaTeX Warning: Reference `eq:all-directions' on page 7 undefined on input line 
16.

[7]

LaTeX Warning: Citation `lewis1995convex' on page 8 undefined on input line 74.



LaTeX Warning: Reference `eq:scalar-conjugate-main' on page 8 undefined on inpu
t line 77.


LaTeX Warning: Reference `eq:matrix-conjugacy-main' on page 8 undefined on inpu
t line 78.


LaTeX Warning: Citation `lewis2001twice' on page 8 undefined on input line 93.


LaTeX Warning: Reference `eq:Zdelta' on page 8 undefined on input line 98.


LaTeX Warning: Reference `eq:Zdelta-coordinate-free' on page 8 undefined on inp
ut line 98.

[8]

LaTeX Warning: Reference `eq:solution-face' on page 9 undefined on input line 1
30.


LaTeX Warning: Reference `eq:smooth-root-main' on page 9 undefined on input lin
e 151.


LaTeX Warning: Reference `eq:Zdelta' on page 9 undefined on input line 153.


LaTeX Warning: Reference `eq:matrix-conjugacy-main' on page 9 undefined on inpu
t line 156.


LaTeX Warning: Reference `eq:regularized-primal' on page 9 undefined on input l
ine 162.


LaTeX Warning: Reference `eq:Phi-delta-main' on page 9 undefined on input line 
165.


LaTeX Warning: Reference `eq:center-gap-main' on page 9 undefined on input line
 178.


LaTeX Warning: Reference `eq:smoothing-uniform' on page 9 undefined on input li
ne 184.


LaTeX Warning: Reference `eq:KF-main' on page 9 undefined on input line 190.


LaTeX Warning: Reference `eq:a-C-beta-main' on page 9 undefined on input line 1
95.


LaTeX Warning: Reference `eq:KR-main' on page 9 undefined on input line 216.


LaTeX Warning: Reference `eq:Kcan-main' on page 9 undefined on input line 217.

[9]

LaTeX Warning: Reference `eq:KR-main' on page 10 undefined on input line 240.


LaTeX Warning: Reference `eq:eta-R-main' on page 10 undefined on input line 247
.


LaTeX Warning: Reference `eq:endpoint-face' on page 10 undefined on input line 
252.


LaTeX Warning: Reference `eq:eta-R-main' on page 10 undefined on input line 256
.


LaTeX Warning: Reference `eq:Kcan-main' on page 10 undefined on input line 257.



LaTeX Warning: Reference `eq:admissible-profile-main' on page 10 undefined on i
nput line 306.


LaTeX Warning: Reference `eq:regularized-primal' on page 10 undefined on input 
line 329.

[10
pdfTeX warning (ext4): destination with the same identifier (name{equation.4.40
}) has been already used, duplicate ignored
<argument> ...shipout:D \box_use:N \l_shipout_box 
                                                  \__shipout_drop_firstpage_...
l.334 \end{equation}
                    ]

LaTeX Warning: Reference `eq:a-C-beta-main' on page 11 undefined on input line 
337.


LaTeX Warning: Reference `thm:center-path' on page 1 undefined on input line 38
1.


LaTeX Warning: Reference `eq:profile-center-limit-main' on page 11 undefined on
 input line 383.


LaTeX Warning: Reference `eq:smoothing-uniform' on page 11 undefined on input l
ine 385.


LaTeX Warning: Reference `thm:direction-strict-general' on page 1 undefined on 
input line 388.


LaTeX Warning: Reference `eq:admissible-profile-main' on page 11 undefined on i
nput line 398.


LaTeX Warning: Reference `eq:profile-strict-rate-main' on page 11 undefined on 
input line 400.


LaTeX Warning: Reference `thm:rate-strict-general' on page 1 undefined on input
 line 401.


LaTeX Warning: Reference `eq:profile-center-block-main' on page 11 undefined on
 input line 405.


LaTeX Warning: Reference `eq:eta-R-main' on page 11 undefined on input line 408
.


LaTeX Warning: Reference `eq:KR-main' on page 11 undefined on input line 408.


LaTeX Warning: Reference `eq:huber-regularizer-main' on page 11 undefined on in
put line 411.


LaTeX Warning: Reference `thm:direction-strict-general' on page 1 undefined on 
input line 422.


LaTeX Warning: Reference `eq:profile-lifts-main' on page 11 undefined on input 
line 437.

[11]

LaTeX Warning: Citation `legg1985canonical' on page 12 undefined on input line 
448.


LaTeX Warning: Reference `thm:interval' on page 1 undefined on input line 452.


LaTeX Warning: Reference `thm:certificate-uniqueness' on page 1 undefined on in
put line 454.


LaTeX Warning: Reference `thm:center-path' on page 1 undefined on input line 45
4.


LaTeX Warning: Reference `eq:smoothing-uniform' on page 12 undefined on input l
ine 461.


LaTeX Warning: Reference `eq:smoothing-uniform' on page 12 undefined on input l
ine 474.


LaTeX Warning: Reference `eq:center-gap-main' on page 12 undefined on input lin
e 475.


LaTeX Warning: Reference `eq:smooth-root-main' on page 12 undefined on input li
ne 481.

) (./sections/05_singular_rates.tex [12]

LaTeX Warning: Reference `eq:regular-rate-main' on page 13 undefined on input l
ine 108.


LaTeX Warning: Reference `eq:a-C-beta-main' on page 13 undefined on input line 
117.


LaTeX Warning: Reference `thm:interval' on page 1 undefined on input line 146.


LaTeX Warning: Reference `eq:smoothing-uniform' on page 13 undefined on input l
ine 152.


LaTeX Warning: Reference `eq:strict-general-bound-main' on page 13 undefined on
 input line 153.

[13]

LaTeX Warning: Reference `lem:analytic-cluster-block-main' on page 1 undefined 
on input line 170.


LaTeX Warning: Reference `eq:strict-general-bound-main' on page 14 undefined on
 input line 195.


LaTeX Warning: Reference `eq:strict-general-rate-main' on page 14 undefined on 
input line 198.


LaTeX Warning: Reference `eq:strict-general-rate-main' on page 14 undefined on 
input line 206.


LaTeX Warning: Reference `eq:eta-R-main' on page 14 undefined on input line 208
.


LaTeX Warning: Reference `eq:KR-main' on page 14 undefined on input line 208.


LaTeX Warning: Reference `thm:rate-strict-general' on page 1 undefined on input
 line 218.


LaTeX Warning: Reference `lem:analytic-cluster-block-main' on page 1 undefined 
on input line 272.

[14]

LaTeX Warning: Reference `eq:strict-blowup-map-main' on page 15 undefined on in
put line 305.


LaTeX Warning: Citation `kato1995perturbation' on page 15 undefined on input li
ne 307.


LaTeX Warning: Reference `thm:rate-strict-general' on page 1 undefined on input
 line 319.


LaTeX Warning: Reference `eq:strict-multiplier-second-main' on page 15 undefine
d on input line 323.


LaTeX Warning: Reference `eq:strict-direction-first-main' on page 15 undefined 
on input line 323.


LaTeX Warning: Reference `eq:strict-direction-constant-main' on page 15 undefin
ed on input line 324.


LaTeX Warning: Reference `eq:strict-zero-superconvergence-main' on page 15 unde
fined on input line 329.


LaTeX Warning: Reference `thm:direction-strict-general' on page 1 undefined on 
input line 335.


LaTeX Warning: Reference `eq:strict-direction-constant-main' on page 15 undefin
ed on input line 352.


LaTeX Warning: Reference `eq:frozen-field-main' on page 15 undefined on input l
ine 378.


LaTeX Warning: Reference `eq:strict-blowup-block-main' on page 15 undefined on 
input line 380.


LaTeX Warning: Reference `eq:frozen-chain-main' on page 15 undefined on input l
ine 389.


LaTeX Warning: Reference `eq:strict-direction-constant-main' on page 15 undefin
ed on input line 390.


LaTeX Warning: Reference `eq:t1-closed-main' on page 15 undefined on input line
 391.


LaTeX Warning: Reference `eq:MR-closed-main' on page 15 undefined on input line
 391.


LaTeX Warning: Citation `gawlik2017frechet' on page 15 undefined on input line 
396.


LaTeX Warning: Reference `thm:direction-strict-general' on page 1 undefined on 
input line 402.


LaTeX Warning: Reference `thm:interval' on page 1 undefined on input line 403.

[15]

LaTeX Warning: Reference `eq:compact-root-cubic-main' on page 16 undefined on i
nput line 470.


LaTeX Warning: Reference `eq:compact-root-quadratic-main' on page 16 undefined 
on input line 470.


LaTeX Warning: Reference `eq:compact-root-direction-norm-main' on page 16 undef
ined on input line 472.


LaTeX Warning: Reference `eq:compact-root-quintic-main' on page 16 undefined on
 input line 483.


LaTeX Warning: Reference `eq:compact-root-quartic-main' on page 16 undefined on
 input line 488.


LaTeX Warning: Reference `eq:compact-root-cubic-main' on page 16 undefined on i
nput line 514.


LaTeX Warning: Reference `eq:compact-root-quintic-main' on page 16 undefined on
 input line 515.


LaTeX Warning: Reference `thm:direction-strict-general' on page 1 undefined on 
input line 521.

[16]

LaTeX Warning: Reference `eq:compact-root-hierarchy-main' on page 17 undefined 
on input line 532.


LaTeX Warning: Citation `kato1995perturbation' on page 17 undefined on input li
ne 610.


LaTeX Warning: Reference `eq:kink-normal-form' on page 17 undefined on input li
ne 614.


LaTeX Warning: Reference `thm:rate-regular' on page 1 undefined on input line 6
16.


LaTeX Warning: Reference `eq:kink-smooth-derivative' on page 17 undefined on in
put line 618.


LaTeX Warning: Reference `lem:kink-normal-form' on page 1 undefined on input li
ne 626.

[17]

LaTeX Warning: Reference `eq:eta-strict-rate-main' on page 18 undefined on inpu
t line 639.


LaTeX Warning: Reference `thm:rate-strict-general' on page 1 undefined on input
 line 641.


LaTeX Warning: Reference `eq:strict-rate-main' on page 18 undefined on input li
ne 641.


LaTeX Warning: Reference `lem:kink-normal-form' on page 1 undefined on input li
ne 655.


LaTeX Warning: Reference `lem:kink-normal-form' on page 1 undefined on input li
ne 658.


LaTeX Warning: Reference `eq:contact-curvature-main' on page 18 undefined on in
put line 681.


LaTeX Warning: Reference `eq:kink-smooth-derivative' on page 18 undefined on in
put line 690.


LaTeX Warning: Reference `eq:boundary-balance-main' on page 18 undefined on inp
ut line 706.


LaTeX Warning: Reference `eq:boundary-rate-main' on page 18 undefined on input 
line 714.


LaTeX Warning: Reference `thm:open-2by2' on page 1 undefined on input line 726.



LaTeX Warning: Reference `thm:rate-boundary' on page 1 undefined on input line 
739.


LaTeX Warning: Reference `prop:smoothing-family-main' on page 1 undefined on in
put line 741.

[18]

LaTeX Warning: Reference `eq:two-profile-members-main' on page 19 undefined on 
input line 764.


LaTeX Warning: Reference `eq:profile-tail-rate-main' on page 19 undefined on in
put line 773.


LaTeX Warning: Reference `eq:boundary-rate-main' on page 19 undefined on input 
line 774.


LaTeX Warning: Reference `eq:profile-polynomial-tail-main' on page 19 undefined
 on input line 783.


LaTeX Warning: Reference `eq:saturated-boundary-rate-main' on page 19 undefined
 on input line 797.


LaTeX Warning: Reference `thm:rate-boundary' on page 1 undefined on input line 
811.


LaTeX Warning: Reference `thm:direction-strict-general' on page 1 undefined on 
input line 811.


LaTeX Warning: Reference `thm:rate-regular' on page 1 undefined on input line 8
11.


LaTeX Warning: Reference `cor:direction-crossover-main' on page 1 undefined on 
input line 820.


LaTeX Warning: Reference `thm:direction-strict-general' on page 1 undefined on 
input line 822.


LaTeX Warning: Reference `eq:strict-direction-first-main' on page 19 undefined 
on input line 830.


LaTeX Warning: Reference `prop:strict-constants-closed-main' on page 1 undefine
d on input line 840.


LaTeX Warning: Reference `thm:direction-strict-general' on page 1 undefined on 
input line 840.

[19]

LaTeX Warning: Reference `eq:transverse-family-main' on page 20 undefined on in
put line 873.


LaTeX Warning: Reference `eq:moving-normal-form-main' on page 20 undefined on i
nput line 887.


LaTeX Warning: Reference `lem:moving-crossing-main' on page 1 undefined on inpu
t line 892.

[20]

LaTeX Warning: Reference `eq:cubic-root-main' on page 21 undefined on input lin
e 1009.


LaTeX Warning: Reference `eq:cubic-relative-main' on page 21 undefined on input
 line 1036.


LaTeX Warning: Reference `eq:cubic-root-main' on page 21 undefined on input lin
e 1039.


LaTeX Warning: Reference `thm:crossover-main' on page 1 undefined on input line
 1050.

[21]

LaTeX Warning: Reference `eq:direction-crossover-limit-main' on page 22 undefin
ed on input line 1108.


LaTeX Warning: Reference `eq:direction-M0-main' on page 22 undefined on input l
ine 1117.


LaTeX Warning: Reference `eq:direction-M0-nonzero-main' on page 22 undefined on
 input line 1118.


LaTeX Warning: Reference `eq:cubic-relative-main' on page 22 undefined on input
 line 1120.

) (./sections/05b_numerical.tex (./generated/numerical_macros.tex)

LaTeX Warning: Reference `eq:huber-boundary-rate-main' on page 22 undefined on 
input line 25.

[22]

LaTeX Warning: Reference `eq:compact-root-quartic-main' on page 23 undefined on
 input line 51.

) (./sections/06_discussion.tex

LaTeX Warning: Reference `eq:KF-main' on page 23 undefined on input line 5.


LaTeX Warning: Reference `prop:smoothing-family-main' on page 1 undefined on in
put line 7.


LaTeX Warning: Reference `cor:center-agreement-main' on page 1 undefined on inp
ut line 9.


LaTeX Warning: Reference `eq:frozen-field-main' on page 23 undefined on input l
ine 14.


LaTeX Warning: Reference `rem:compact-root-hierarchy-main' on page 1 undefined 
on input line 16.


LaTeX Warning: Citation `li2026finite' on page 23 undefined on input line 28.


LaTeX Warning: Citation `xie2026controlled' on page 23 undefined on input line 
42.

[23])
No file main_review.bbl.
[24] (./main_review.aux)

LaTeX Warning: There were undefined references.


LaTeX Warning: Label(s) may have changed. Rerun to get cross-references right.


Package rerunfilecheck Warning: File `main_review.out' has changed.
(rerunfilecheck)                Rerun to get outlines right
(rerunfilecheck)                or use package `bookmark'.

 ) )
(see the transcript file for additional information)</usr/share/texmf/fonts/typ
e1/public/lm/lmbx10.pfb></usr/share/texmf/fonts/type1/public/lm/lmbx12.pfb></us
r/share/texmf/fonts/type1/public/lm/lmbx9.pfb></usr/share/texmf/fonts/type1/pub
lic/lm/lmex10.pfb></usr/share/texmf/fonts/type1/public/lm/lmmi10.pfb></usr/shar
e/texmf/fonts/type1/public/lm/lmmi5.pfb></usr/share/texmf/fonts/type1/public/lm
/lmmi7.pfb></usr/share/texmf/fonts/type1/public/lm/lmmi9.pfb></usr/share/texmf/
fonts/type1/public/lm/lmr10.pfb></usr/share/texmf/fonts/type1/public/lm/lmr12.p
fb></usr/share/texmf/fonts/type1/public/lm/lmr17.pfb></usr/share/texmf/fonts/ty
pe1/public/lm/lmr5.pfb></usr/share/texmf/fonts/type1/public/lm/lmr7.pfb></usr/s
hare/texmf/fonts/type1/public/lm/lmr9.pfb></usr/share/texmf/fonts/type1/public/
lm/lmri10.pfb></usr/share/texmf/fonts/type1/public/lm/lmsy10.pfb></usr/share/te
xmf/fonts/type1/public/lm/lmsy5.pfb></usr/share/texmf/fonts/type1/public/lm/lms
y7.pfb></usr/share/texlive/texmf-dist/fonts/type1/public/amsfonts/symbols/msbm1
0.pfb></usr/share/texlive/texmf-dist/fonts/type1/public/amsfonts/symbols/msbm7.
pfb>
Output written on main_review.pdf (24 pages, 492726 bytes).
Transcript written on main_review.log.
$ bibtex main_review
This is BibTeX, Version 0.99d (TeX Live 2023/Debian)
The top-level auxiliary file: main_review.aux
The style file: plain.bst
Database file #1: references.bib
$ pdflatex -interaction=nonstopmode -halt-on-error main_review.tex
This is pdfTeX, Version 3.141592653-2.6-1.40.25 (TeX Live 2023/Debian) (preloaded format=pdflatex)
 restricted \write18 enabled.
entering extended mode
(./main_review.tex
LaTeX2e <2023-11-01> patch level 1
L3 programming layer <2024-01-22>
(./main.tex (/usr/share/texlive/texmf-dist/tex/latex/base/article.cls
Document Class: article 2023/05/17 v1.4n Standard LaTeX document class
(/usr/share/texlive/texmf-dist/tex/latex/base/size10.clo)) (./preamble.tex
(/usr/share/texlive/texmf-dist/tex/latex/base/fontenc.sty)
(/usr/share/texlive/texmf-dist/tex/latex/base/inputenc.sty)
(/usr/share/texmf/tex/latex/lm/lmodern.sty)
(/usr/share/texlive/texmf-dist/tex/latex/microtype/microtype.sty
(/usr/share/texlive/texmf-dist/tex/latex/graphics/keyval.sty)
(/usr/share/texlive/texmf-dist/tex/latex/etoolbox/etoolbox.sty)
(/usr/share/texlive/texmf-dist/tex/latex/microtype/microtype-pdftex.def)
(/usr/share/texlive/texmf-dist/tex/latex/microtype/microtype.cfg))
(/usr/share/texlive/texmf-dist/tex/latex/geometry/geometry.sty
(/usr/share/texlive/texmf-dist/tex/generic/iftex/ifvtex.sty
(/usr/share/texlive/texmf-dist/tex/generic/iftex/iftex.sty)))
(/usr/share/texlive/texmf-dist/tex/latex/amsfonts/amssymb.sty
(/usr/share/texlive/texmf-dist/tex/latex/amsfonts/amsfonts.sty))
(/usr/share/texlive/texmf-dist/tex/latex/mathtools/mathtools.sty
(/usr/share/texlive/texmf-dist/tex/latex/tools/calc.sty)
(/usr/share/texlive/texmf-dist/tex/latex/mathtools/mhsetup.sty)
(/usr/share/texlive/texmf-dist/tex/latex/amsmath/amsmath.sty
For additional information on amsmath, use the `?' option.
(/usr/share/texlive/texmf-dist/tex/latex/amsmath/amstext.sty
(/usr/share/texlive/texmf-dist/tex/latex/amsmath/amsgen.sty))
(/usr/share/texlive/texmf-dist/tex/latex/amsmath/amsbsy.sty)
(/usr/share/texlive/texmf-dist/tex/latex/amsmath/amsopn.sty)))
(/usr/share/texlive/texmf-dist/tex/latex/amscls/amsthm.sty)
(/usr/share/texlive/texmf-dist/tex/latex/tools/bm.sty)
(/usr/share/texlive/texmf-dist/tex/latex/booktabs/booktabs.sty)
(/usr/share/texlive/texmf-dist/tex/latex/tools/array.sty)
(/usr/share/texlive/texmf-dist/tex/latex/tools/tabularx.sty)
(/usr/share/texlive/texmf-dist/tex/latex/tools/longtable.sty)
(/usr/share/texlive/texmf-dist/tex/latex/enumitem/enumitem.sty)
(/usr/share/texlive/texmf-dist/tex/latex/xcolor/xcolor.sty
(/usr/share/texlive/texmf-dist/tex/latex/graphics-cfg/color.cfg)
(/usr/share/texlive/texmf-dist/tex/latex/graphics-def/pdftex.def)
(/usr/share/texlive/texmf-dist/tex/latex/graphics/mathcolor.ltx))
(/usr/share/texlive/texmf-dist/tex/latex/graphics/graphicx.sty
(/usr/share/texlive/texmf-dist/tex/latex/graphics/graphics.sty
(/usr/share/texlive/texmf-dist/tex/latex/graphics/trig.sty)
(/usr/share/texlive/texmf-dist/tex/latex/graphics-cfg/graphics.cfg)))
(/usr/share/texlive/texmf-dist/tex/latex/url/url.sty)
(/usr/share/texlive/texmf-dist/tex/latex/hyperref/hyperref.sty
(/usr/share/texlive/texmf-dist/tex/latex/kvsetkeys/kvsetkeys.sty)
(/usr/share/texlive/texmf-dist/tex/generic/kvdefinekeys/kvdefinekeys.sty)
(/usr/share/texlive/texmf-dist/tex/generic/pdfescape/pdfescape.sty
(/usr/share/texlive/texmf-dist/tex/generic/ltxcmds/ltxcmds.sty)
(/usr/share/texlive/texmf-dist/tex/generic/pdftexcmds/pdftexcmds.sty
(/usr/share/texlive/texmf-dist/tex/generic/infwarerr/infwarerr.sty)))
(/usr/share/texlive/texmf-dist/tex/latex/hycolor/hycolor.sty)
(/usr/share/texlive/texmf-dist/tex/latex/auxhook/auxhook.sty)
(/usr/share/texlive/texmf-dist/tex/latex/hyperref/nameref.sty
(/usr/share/texlive/texmf-dist/tex/latex/refcount/refcount.sty)
(/usr/share/texlive/texmf-dist/tex/generic/gettitlestring/gettitlestring.sty
(/usr/share/texlive/texmf-dist/tex/latex/kvoptions/kvoptions.sty)))
(/usr/share/texlive/texmf-dist/tex/latex/hyperref/pd1enc.def)
(/usr/share/texlive/texmf-dist/tex/generic/intcalc/intcalc.sty)
(/usr/share/texlive/texmf-dist/tex/latex/hyperref/puenc.def)
(/usr/share/texlive/texmf-dist/tex/generic/bitset/bitset.sty
(/usr/share/texlive/texmf-dist/tex/generic/bigintcalc/bigintcalc.sty))
(/usr/share/texlive/texmf-dist/tex/latex/base/atbegshi-ltx.sty))
(/usr/share/texlive/texmf-dist/tex/latex/hyperref/hpdftex.def
(/usr/share/texlive/texmf-dist/tex/latex/base/atveryend-ltx.sty)
(/usr/share/texlive/texmf-dist/tex/latex/rerunfilecheck/rerunfilecheck.sty
(/usr/share/texlive/texmf-dist/tex/generic/uniquecounter/uniquecounter.sty)))
(/usr/share/texlive/texmf-dist/tex/latex/cleveref/cleveref.sty))
(/usr/share/texmf/tex/latex/lm/t1lmr.fd)
(/usr/share/texlive/texmf-dist/tex/latex/l3backend/l3backend-pdftex.def)
(./main_review.aux)
(/usr/share/texlive/texmf-dist/tex/latex/microtype/mt-cmr.cfg)
*geometry* driver: auto-detecting
*geometry* detected driver: pdftex
(/usr/share/texlive/texmf-dist/tex/context/base/mkii/supp-pdf.mkii
[Loading MPS to PDF converter (version 2006.09.02).]
) (/usr/share/texlive/texmf-dist/tex/latex/epstopdf-pkg/epstopdf-base.sty
(/usr/share/texlive/texmf-dist/tex/latex/grfext/grfext.sty)
(/usr/share/texlive/texmf-dist/tex/latex/latexconfig/epstopdf-sys.cfg))
(./main_review.out) (./main_review.out)
(/usr/share/texmf/tex/latex/lm/ot1lmr.fd)
(/usr/share/texmf/tex/latex/lm/omllmm.fd)
(/usr/share/texmf/tex/latex/lm/omslmsy.fd)
(/usr/share/texmf/tex/latex/lm/omxlmex.fd)
(/usr/share/texlive/texmf-dist/tex/latex/amsfonts/umsa.fd)
(/usr/share/texlive/texmf-dist/tex/latex/microtype/mt-msa.cfg)
(/usr/share/texlive/texmf-dist/tex/latex/amsfonts/umsb.fd)
(/usr/share/texlive/texmf-dist/tex/latex/microtype/mt-msb.cfg)
(./sections/01_introduction.tex

LaTeX Warning: Citation `higham1986polar' on page 1 undefined on input line 30.



LaTeX Warning: Citation `pethick2025lmo' on page 1 undefined on input line 35.


LaTeX Warning: Citation `xie2026controlled' on page 1 undefined on input line 3
7.


LaTeX Warning: Citation `li2026intrinsic' on page 1 undefined on input line 38.



LaTeX Warning: Citation `li2026intrinsic' on page 1 undefined on input line 44.



LaTeX Warning: Citation `yang2026manifold' on page 1 undefined on input line 45
.


LaTeX Warning: Citation `solonko2026skewon' on page 1 undefined on input line 4
7.

[1{/var/lib/texmf/fonts/map/pdftex/updmap/pdftex.map}{/usr/share/texmf/fonts/en
c/dvips/lm/lm-ec.enc}{/usr/share/texmf/fonts/enc/dvips/lm/lm-mathit.enc}{/usr/s
hare/texmf/fonts/enc/dvips/lm/lm-rm.enc}{/usr/share/texmf/fonts/enc/dvips/lm/lm
-mathsy.enc}{/usr/share/texmf/fonts/enc/dvips/lm/lm-mathex.enc}]

LaTeX Warning: Citation `singer1970best' on page 2 undefined on input line 58.


LaTeX Warning: Citation `watson1992subdifferential' on page 2 undefined on inpu
t line 58.


LaTeX Warning: Citation `zietak1993faces' on page 2 undefined on input line 58.



LaTeX Warning: Citation `watson1993kyfan' on page 2 undefined on input line 58.



LaTeX Warning: Citation `bhatia1999orthogonality' on page 2 undefined on input 
line 58.


LaTeX Warning: Citation `grover2014distance' on page 2 undefined on input line 
58.


LaTeX Warning: Citation `johnston2022trace' on page 2 undefined on input line 5
8.


LaTeX Warning: Citation `grover2026kyfan' on page 2 undefined on input line 58.



LaTeX Warning: Citation `liu2009nuclear' on page 2 undefined on input line 59.


LaTeX Warning: Citation `hoheisel2023uniqueness' on page 2 undefined on input l
ine 61.


LaTeX Warning: Citation `lewis2005nonsmooth1' on page 2 undefined on input line
 70.


LaTeX Warning: Citation `lewis2005nonsmooth2' on page 2 undefined on input line
 70.


LaTeX Warning: Citation `he2026twice' on page 2 undefined on input line 71.


LaTeX Warning: Citation `higham1986polar' on page 2 undefined on input line 76.



LaTeX Warning: Citation `mathias1993polar' on page 2 undefined on input line 76
.


LaTeX Warning: Citation `legg1985canonical' on page 2 undefined on input line 7
9.


LaTeX Warning: Citation `zietak2017strict' on page 2 undefined on input line 80
.


LaTeX Warning: Citation `watson1992subdifferential' on page 2 undefined on inpu
t line 121.


LaTeX Warning: Citation `lewis1995convex' on page 2 undefined on input line 121
.


LaTeX Warning: Citation `nesterov2005smooth' on page 2 undefined on input line 
131.


LaTeX Warning: Citation `liu2009nuclear' on page 2 undefined on input line 131.



LaTeX Warning: Citation `lobos2025smooth' on page 2 undefined on input line 131
.


LaTeX Warning: Citation `attouch1984variational' on page 2 undefined on input l
ine 131.


LaTeX Warning: Citation `basu2022central' on page 2 undefined on input line 141
.

[2]) (./sections/02_exact_geometry.tex

LaTeX Warning: Citation `halicka2002convergence' on page 3 undefined on input l
ine 114.


LaTeX Warning: Citation `halicka2005limiting' on page 3 undefined on input line
 114.


LaTeX Warning: Citation `basu2022central' on page 3 undefined on input line 115
.

[3]) (./sections/03_failure_completion.tex [4] [5] [6])
(./sections/04_fenchel_selection.tex

LaTeX Warning: Citation `mustafi2026move' on page 7 undefined on input line 14.



LaTeX Warning: Citation `lobos2025smooth' on page 7 undefined on input line 14.



LaTeX Warning: Citation `feoktistov2026softsign' on page 7 undefined on input l
ine 14.

[7]

LaTeX Warning: Citation `lewis1995convex' on page 8 undefined on input line 74.



LaTeX Warning: Citation `lewis2001twice' on page 8 undefined on input line 93.

[8] [9] [10
pdfTeX warning (ext4): destination with the same identifier (name{equation.4.40
}) has been already used, duplicate ignored
<argument> ...shipout:D \box_use:N \l_shipout_box 
                                                  \__shipout_drop_firstpage_...
l.334 \end{equation}
                    ] [11]

LaTeX Warning: Citation `legg1985canonical' on page 12 undefined on input line 
448.

) (./sections/05_singular_rates.tex [12] [13] [14]

LaTeX Warning: Citation `kato1995perturbation' on page 15 undefined on input li
ne 307.


LaTeX Warning: Citation `gawlik2017frechet' on page 15 undefined on input line 
396.

[15] [16]

LaTeX Warning: Citation `kato1995perturbation' on page 17 undefined on input li
ne 610.

[17] [18] [19] [20] [21]) (./sections/05b_numerical.tex
(./generated/numerical_macros.tex) [22]) (./sections/06_discussion.tex

LaTeX Warning: Citation `li2026finite' on page 23 undefined on input line 28.


LaTeX Warning: Citation `xie2026controlled' on page 23 undefined on input line 
42.

[23]) (./main_review.bbl
Underfull \hbox (badness 1728) in paragraph at lines 22--27
[]\T1/lmr/m/n/10 (+20) Dmitrii Feok-tis-tov, Tim-o-fey Be-lin-sky, An-drey Vepr
ikov, Amir Zain-ullin, and Alek-sandr
[24] [25]) [26] (./main_review.aux)

LaTeX Warning: There were undefined references.


LaTeX Warning: Label(s) may have changed. Rerun to get cross-references right.

 ) )
(see the transcript file for additional information)</usr/share/texmf/fonts/typ
e1/public/lm/lmbx10.pfb></usr/share/texmf/fonts/type1/public/lm/lmbx12.pfb></us
r/share/texmf/fonts/type1/public/lm/lmbx9.pfb></usr/share/texmf/fonts/type1/pub
lic/lm/lmex10.pfb></usr/share/texmf/fonts/type1/public/lm/lmmi10.pfb></usr/shar
e/texmf/fonts/type1/public/lm/lmmi5.pfb></usr/share/texmf/fonts/type1/public/lm
/lmmi7.pfb></usr/share/texmf/fonts/type1/public/lm/lmmi9.pfb></usr/share/texmf/
fonts/type1/public/lm/lmr10.pfb></usr/share/texmf/fonts/type1/public/lm/lmr12.p
fb></usr/share/texmf/fonts/type1/public/lm/lmr17.pfb></usr/share/texmf/fonts/ty
pe1/public/lm/lmr5.pfb></usr/share/texmf/fonts/type1/public/lm/lmr7.pfb></usr/s
hare/texmf/fonts/type1/public/lm/lmr9.pfb></usr/share/texmf/fonts/type1/public/
lm/lmri10.pfb></usr/share/texmf/fonts/type1/public/lm/lmsy10.pfb></usr/share/te
xmf/fonts/type1/public/lm/lmsy5.pfb></usr/share/texmf/fonts/type1/public/lm/lms
y7.pfb></usr/share/texlive/texmf-dist/fonts/type1/public/amsfonts/symbols/msbm1
0.pfb></usr/share/texlive/texmf-dist/fonts/type1/public/amsfonts/symbols/msbm7.
pfb>
Output written on main_review.pdf (26 pages, 510758 bytes).
Transcript written on main_review.log.
$ pdflatex -interaction=nonstopmode -halt-on-error main_review.tex
This is pdfTeX, Version 3.141592653-2.6-1.40.25 (TeX Live 2023/Debian) (preloaded format=pdflatex)
 restricted \write18 enabled.
entering extended mode
(./main_review.tex
LaTeX2e <2023-11-01> patch level 1
L3 programming layer <2024-01-22>
(./main.tex (/usr/share/texlive/texmf-dist/tex/latex/base/article.cls
Document Class: article 2023/05/17 v1.4n Standard LaTeX document class
(/usr/share/texlive/texmf-dist/tex/latex/base/size10.clo)) (./preamble.tex
(/usr/share/texlive/texmf-dist/tex/latex/base/fontenc.sty)
(/usr/share/texlive/texmf-dist/tex/latex/base/inputenc.sty)
(/usr/share/texmf/tex/latex/lm/lmodern.sty)
(/usr/share/texlive/texmf-dist/tex/latex/microtype/microtype.sty
(/usr/share/texlive/texmf-dist/tex/latex/graphics/keyval.sty)
(/usr/share/texlive/texmf-dist/tex/latex/etoolbox/etoolbox.sty)
(/usr/share/texlive/texmf-dist/tex/latex/microtype/microtype-pdftex.def)
(/usr/share/texlive/texmf-dist/tex/latex/microtype/microtype.cfg))
(/usr/share/texlive/texmf-dist/tex/latex/geometry/geometry.sty
(/usr/share/texlive/texmf-dist/tex/generic/iftex/ifvtex.sty
(/usr/share/texlive/texmf-dist/tex/generic/iftex/iftex.sty)))
(/usr/share/texlive/texmf-dist/tex/latex/amsfonts/amssymb.sty
(/usr/share/texlive/texmf-dist/tex/latex/amsfonts/amsfonts.sty))
(/usr/share/texlive/texmf-dist/tex/latex/mathtools/mathtools.sty
(/usr/share/texlive/texmf-dist/tex/latex/tools/calc.sty)
(/usr/share/texlive/texmf-dist/tex/latex/mathtools/mhsetup.sty)
(/usr/share/texlive/texmf-dist/tex/latex/amsmath/amsmath.sty
For additional information on amsmath, use the `?' option.
(/usr/share/texlive/texmf-dist/tex/latex/amsmath/amstext.sty
(/usr/share/texlive/texmf-dist/tex/latex/amsmath/amsgen.sty))
(/usr/share/texlive/texmf-dist/tex/latex/amsmath/amsbsy.sty)
(/usr/share/texlive/texmf-dist/tex/latex/amsmath/amsopn.sty)))
(/usr/share/texlive/texmf-dist/tex/latex/amscls/amsthm.sty)
(/usr/share/texlive/texmf-dist/tex/latex/tools/bm.sty)
(/usr/share/texlive/texmf-dist/tex/latex/booktabs/booktabs.sty)
(/usr/share/texlive/texmf-dist/tex/latex/tools/array.sty)
(/usr/share/texlive/texmf-dist/tex/latex/tools/tabularx.sty)
(/usr/share/texlive/texmf-dist/tex/latex/tools/longtable.sty)
(/usr/share/texlive/texmf-dist/tex/latex/enumitem/enumitem.sty)
(/usr/share/texlive/texmf-dist/tex/latex/xcolor/xcolor.sty
(/usr/share/texlive/texmf-dist/tex/latex/graphics-cfg/color.cfg)
(/usr/share/texlive/texmf-dist/tex/latex/graphics-def/pdftex.def)
(/usr/share/texlive/texmf-dist/tex/latex/graphics/mathcolor.ltx))
(/usr/share/texlive/texmf-dist/tex/latex/graphics/graphicx.sty
(/usr/share/texlive/texmf-dist/tex/latex/graphics/graphics.sty
(/usr/share/texlive/texmf-dist/tex/latex/graphics/trig.sty)
(/usr/share/texlive/texmf-dist/tex/latex/graphics-cfg/graphics.cfg)))
(/usr/share/texlive/texmf-dist/tex/latex/url/url.sty)
(/usr/share/texlive/texmf-dist/tex/latex/hyperref/hyperref.sty
(/usr/share/texlive/texmf-dist/tex/latex/kvsetkeys/kvsetkeys.sty)
(/usr/share/texlive/texmf-dist/tex/generic/kvdefinekeys/kvdefinekeys.sty)
(/usr/share/texlive/texmf-dist/tex/generic/pdfescape/pdfescape.sty
(/usr/share/texlive/texmf-dist/tex/generic/ltxcmds/ltxcmds.sty)
(/usr/share/texlive/texmf-dist/tex/generic/pdftexcmds/pdftexcmds.sty
(/usr/share/texlive/texmf-dist/tex/generic/infwarerr/infwarerr.sty)))
(/usr/share/texlive/texmf-dist/tex/latex/hycolor/hycolor.sty)
(/usr/share/texlive/texmf-dist/tex/latex/auxhook/auxhook.sty)
(/usr/share/texlive/texmf-dist/tex/latex/hyperref/nameref.sty
(/usr/share/texlive/texmf-dist/tex/latex/refcount/refcount.sty)
(/usr/share/texlive/texmf-dist/tex/generic/gettitlestring/gettitlestring.sty
(/usr/share/texlive/texmf-dist/tex/latex/kvoptions/kvoptions.sty)))
(/usr/share/texlive/texmf-dist/tex/latex/hyperref/pd1enc.def)
(/usr/share/texlive/texmf-dist/tex/generic/intcalc/intcalc.sty)
(/usr/share/texlive/texmf-dist/tex/latex/hyperref/puenc.def)
(/usr/share/texlive/texmf-dist/tex/generic/bitset/bitset.sty
(/usr/share/texlive/texmf-dist/tex/generic/bigintcalc/bigintcalc.sty))
(/usr/share/texlive/texmf-dist/tex/latex/base/atbegshi-ltx.sty))
(/usr/share/texlive/texmf-dist/tex/latex/hyperref/hpdftex.def
(/usr/share/texlive/texmf-dist/tex/latex/base/atveryend-ltx.sty)
(/usr/share/texlive/texmf-dist/tex/latex/rerunfilecheck/rerunfilecheck.sty
(/usr/share/texlive/texmf-dist/tex/generic/uniquecounter/uniquecounter.sty)))
(/usr/share/texlive/texmf-dist/tex/latex/cleveref/cleveref.sty))
(/usr/share/texmf/tex/latex/lm/t1lmr.fd)
(/usr/share/texlive/texmf-dist/tex/latex/l3backend/l3backend-pdftex.def)
(./main_review.aux)
(/usr/share/texlive/texmf-dist/tex/latex/microtype/mt-cmr.cfg)
*geometry* driver: auto-detecting
*geometry* detected driver: pdftex
(/usr/share/texlive/texmf-dist/tex/context/base/mkii/supp-pdf.mkii
[Loading MPS to PDF converter (version 2006.09.02).]
) (/usr/share/texlive/texmf-dist/tex/latex/epstopdf-pkg/epstopdf-base.sty
(/usr/share/texlive/texmf-dist/tex/latex/grfext/grfext.sty)
(/usr/share/texlive/texmf-dist/tex/latex/latexconfig/epstopdf-sys.cfg))
(./main_review.out) (./main_review.out)
(/usr/share/texmf/tex/latex/lm/ot1lmr.fd)
(/usr/share/texmf/tex/latex/lm/omllmm.fd)
(/usr/share/texmf/tex/latex/lm/omslmsy.fd)
(/usr/share/texmf/tex/latex/lm/omxlmex.fd)
(/usr/share/texlive/texmf-dist/tex/latex/amsfonts/umsa.fd)
(/usr/share/texlive/texmf-dist/tex/latex/microtype/mt-msa.cfg)
(/usr/share/texlive/texmf-dist/tex/latex/amsfonts/umsb.fd)
(/usr/share/texlive/texmf-dist/tex/latex/microtype/mt-msb.cfg)
(./sections/01_introduction.tex [1{/var/lib/texmf/fonts/map/pdftex/updmap/pdfte
x.map}{/usr/share/texmf/fonts/enc/dvips/lm/lm-ec.enc}{/usr/share/texmf/fonts/en
c/dvips/lm/lm-mathit.enc}{/usr/share/texmf/fonts/enc/dvips/lm/lm-rm.enc}{/usr/s
hare/texmf/fonts/enc/dvips/lm/lm-mathsy.enc}{/usr/share/texmf/fonts/enc/dvips/l
m/lm-mathex.enc}] [2]) (./sections/02_exact_geometry.tex [3])
(./sections/03_failure_completion.tex [4] [5] [6])
(./sections/04_fenchel_selection.tex [7] [8] [9] [10
pdfTeX warning (ext4): destination with the same identifier (name{equation.4.40
}) has been already used, duplicate ignored
<argument> ...shipout:D \box_use:N \l_shipout_box 
                                                  \__shipout_drop_firstpage_...
l.334 \end{equation}
                    ] [11]) (./sections/05_singular_rates.tex [12] [13]
[14] [15] [16] [17] [18] [19] [20] [21]) (./sections/05b_numerical.tex
(./generated/numerical_macros.tex) [22]) (./sections/06_discussion.tex [23])
(./main_review.bbl
Underfull \hbox (badness 1728) in paragraph at lines 22--27
[]\T1/lmr/m/n/10 (+20) Dmitrii Feok-tis-tov, Tim-o-fey Be-lin-sky, An-drey Vepr
ikov, Amir Zain-ullin, and Alek-sandr
[24] [25]) [26] (./main_review.aux)

LaTeX Warning: Label(s) may have changed. Rerun to get cross-references right.

 ) )
(see the transcript file for additional information)</usr/share/texmf/fonts/typ
e1/public/lm/lmbx10.pfb></usr/share/texmf/fonts/type1/public/lm/lmbx12.pfb></us
r/share/texmf/fonts/type1/public/lm/lmbx9.pfb></usr/share/texmf/fonts/type1/pub
lic/lm/lmex10.pfb></usr/share/texmf/fonts/type1/public/lm/lmmi10.pfb></usr/shar
e/texmf/fonts/type1/public/lm/lmmi5.pfb></usr/share/texmf/fonts/type1/public/lm
/lmmi7.pfb></usr/share/texmf/fonts/type1/public/lm/lmmi9.pfb></usr/share/texmf/
fonts/type1/public/lm/lmr10.pfb></usr/share/texmf/fonts/type1/public/lm/lmr12.p
fb></usr/share/texmf/fonts/type1/public/lm/lmr17.pfb></usr/share/texmf/fonts/ty
pe1/public/lm/lmr5.pfb></usr/share/texmf/fonts/type1/public/lm/lmr7.pfb></usr/s
hare/texmf/fonts/type1/public/lm/lmr9.pfb></usr/share/texmf/fonts/type1/public/
lm/lmri10.pfb></usr/share/texmf/fonts/type1/public/lm/lmsy10.pfb></usr/share/te
xmf/fonts/type1/public/lm/lmsy5.pfb></usr/share/texmf/fonts/type1/public/lm/lms
y7.pfb></usr/share/texlive/texmf-dist/fonts/type1/public/amsfonts/symbols/msbm1
0.pfb></usr/share/texlive/texmf-dist/fonts/type1/public/amsfonts/symbols/msbm7.
pfb>
Output written on main_review.pdf (26 pages, 512947 bytes).
Transcript written on main_review.log.
This is pdfTeX, Version 3.141592653-2.6-1.40.25 (TeX Live 2023/Debian) (preloaded format=pdflatex)
 restricted \write18 enabled.
entering extended mode
(./main_review.tex
LaTeX2e <2023-11-01> patch level 1
L3 programming layer <2024-01-22>
(./main.tex (/usr/share/texlive/texmf-dist/tex/latex/base/article.cls
Document Class: article 2023/05/17 v1.4n Standard LaTeX document class
(/usr/share/texlive/texmf-dist/tex/latex/base/size10.clo)) (./preamble.tex
(/usr/share/texlive/texmf-dist/tex/latex/base/fontenc.sty)
(/usr/share/texlive/texmf-dist/tex/latex/base/inputenc.sty)
(/usr/share/texmf/tex/latex/lm/lmodern.sty)
(/usr/share/texlive/texmf-dist/tex/latex/microtype/microtype.sty
(/usr/share/texlive/texmf-dist/tex/latex/graphics/keyval.sty)
(/usr/share/texlive/texmf-dist/tex/latex/etoolbox/etoolbox.sty)
(/usr/share/texlive/texmf-dist/tex/latex/microtype/microtype-pdftex.def)
(/usr/share/texlive/texmf-dist/tex/latex/microtype/microtype.cfg))
(/usr/share/texlive/texmf-dist/tex/latex/geometry/geometry.sty
(/usr/share/texlive/texmf-dist/tex/generic/iftex/ifvtex.sty
(/usr/share/texlive/texmf-dist/tex/generic/iftex/iftex.sty)))
(/usr/share/texlive/texmf-dist/tex/latex/amsfonts/amssymb.sty
(/usr/share/texlive/texmf-dist/tex/latex/amsfonts/amsfonts.sty))
(/usr/share/texlive/texmf-dist/tex/latex/mathtools/mathtools.sty
(/usr/share/texlive/texmf-dist/tex/latex/tools/calc.sty)
(/usr/share/texlive/texmf-dist/tex/latex/mathtools/mhsetup.sty)
(/usr/share/texlive/texmf-dist/tex/latex/amsmath/amsmath.sty
For additional information on amsmath, use the `?' option.
(/usr/share/texlive/texmf-dist/tex/latex/amsmath/amstext.sty
(/usr/share/texlive/texmf-dist/tex/latex/amsmath/amsgen.sty))
(/usr/share/texlive/texmf-dist/tex/latex/amsmath/amsbsy.sty)
(/usr/share/texlive/texmf-dist/tex/latex/amsmath/amsopn.sty)))
(/usr/share/texlive/texmf-dist/tex/latex/amscls/amsthm.sty)
(/usr/share/texlive/texmf-dist/tex/latex/tools/bm.sty)
(/usr/share/texlive/texmf-dist/tex/latex/booktabs/booktabs.sty)
(/usr/share/texlive/texmf-dist/tex/latex/tools/array.sty)
(/usr/share/texlive/texmf-dist/tex/latex/tools/tabularx.sty)
(/usr/share/texlive/texmf-dist/tex/latex/tools/longtable.sty)
(/usr/share/texlive/texmf-dist/tex/latex/enumitem/enumitem.sty)
(/usr/share/texlive/texmf-dist/tex/latex/xcolor/xcolor.sty
(/usr/share/texlive/texmf-dist/tex/latex/graphics-cfg/color.cfg)
(/usr/share/texlive/texmf-dist/tex/latex/graphics-def/pdftex.def)
(/usr/share/texlive/texmf-dist/tex/latex/graphics/mathcolor.ltx))
(/usr/share/texlive/texmf-dist/tex/latex/graphics/graphicx.sty
(/usr/share/texlive/texmf-dist/tex/latex/graphics/graphics.sty
(/usr/share/texlive/texmf-dist/tex/latex/graphics/trig.sty)
(/usr/share/texlive/texmf-dist/tex/latex/graphics-cfg/graphics.cfg)))
(/usr/share/texlive/texmf-dist/tex/latex/url/url.sty)
(/usr/share/texlive/texmf-dist/tex/latex/hyperref/hyperref.sty
(/usr/share/texlive/texmf-dist/tex/latex/kvsetkeys/kvsetkeys.sty)
(/usr/share/texlive/texmf-dist/tex/generic/kvdefinekeys/kvdefinekeys.sty)
(/usr/share/texlive/texmf-dist/tex/generic/pdfescape/pdfescape.sty
(/usr/share/texlive/texmf-dist/tex/generic/ltxcmds/ltxcmds.sty)
(/usr/share/texlive/texmf-dist/tex/generic/pdftexcmds/pdftexcmds.sty
(/usr/share/texlive/texmf-dist/tex/generic/infwarerr/infwarerr.sty)))
(/usr/share/texlive/texmf-dist/tex/latex/hycolor/hycolor.sty)
(/usr/share/texlive/texmf-dist/tex/latex/auxhook/auxhook.sty)
(/usr/share/texlive/texmf-dist/tex/latex/hyperref/nameref.sty
(/usr/share/texlive/texmf-dist/tex/latex/refcount/refcount.sty)
(/usr/share/texlive/texmf-dist/tex/generic/gettitlestring/gettitlestring.sty
(/usr/share/texlive/texmf-dist/tex/latex/kvoptions/kvoptions.sty)))
(/usr/share/texlive/texmf-dist/tex/latex/hyperref/pd1enc.def)
(/usr/share/texlive/texmf-dist/tex/generic/intcalc/intcalc.sty)
(/usr/share/texlive/texmf-dist/tex/latex/hyperref/puenc.def)
(/usr/share/texlive/texmf-dist/tex/generic/bitset/bitset.sty
(/usr/share/texlive/texmf-dist/tex/generic/bigintcalc/bigintcalc.sty))
(/usr/share/texlive/texmf-dist/tex/latex/base/atbegshi-ltx.sty))
(/usr/share/texlive/texmf-dist/tex/latex/hyperref/hpdftex.def
(/usr/share/texlive/texmf-dist/tex/latex/base/atveryend-ltx.sty)
(/usr/share/texlive/texmf-dist/tex/latex/rerunfilecheck/rerunfilecheck.sty
(/usr/share/texlive/texmf-dist/tex/generic/uniquecounter/uniquecounter.sty)))
(/usr/share/texlive/texmf-dist/tex/latex/cleveref/cleveref.sty))
(/usr/share/texmf/tex/latex/lm/t1lmr.fd)
(/usr/share/texlive/texmf-dist/tex/latex/l3backend/l3backend-pdftex.def)
(./main_review.aux)
(/usr/share/texlive/texmf-dist/tex/latex/microtype/mt-cmr.cfg)
*geometry* driver: auto-detecting
*geometry* detected driver: pdftex
(/usr/share/texlive/texmf-dist/tex/context/base/mkii/supp-pdf.mkii
[Loading MPS to PDF converter (version 2006.09.02).]
) (/usr/share/texlive/texmf-dist/tex/latex/epstopdf-pkg/epstopdf-base.sty
(/usr/share/texlive/texmf-dist/tex/latex/grfext/grfext.sty)
(/usr/share/texlive/texmf-dist/tex/latex/latexconfig/epstopdf-sys.cfg))
(./main_review.out) (./main_review.out)
(/usr/share/texmf/tex/latex/lm/ot1lmr.fd)
(/usr/share/texmf/tex/latex/lm/omllmm.fd)
(/usr/share/texmf/tex/latex/lm/omslmsy.fd)
(/usr/share/texmf/tex/latex/lm/omxlmex.fd)
(/usr/share/texlive/texmf-dist/tex/latex/amsfonts/umsa.fd)
(/usr/share/texlive/texmf-dist/tex/latex/microtype/mt-msa.cfg)
(/usr/share/texlive/texmf-dist/tex/latex/amsfonts/umsb.fd)
(/usr/share/texlive/texmf-dist/tex/latex/microtype/mt-msb.cfg)
(./sections/01_introduction.tex [1{/var/lib/texmf/fonts/map/pdftex/updmap/pdfte
x.map}{/usr/share/texmf/fonts/enc/dvips/lm/lm-ec.enc}{/usr/share/texmf/fonts/en
c/dvips/lm/lm-mathit.enc}{/usr/share/texmf/fonts/enc/dvips/lm/lm-rm.enc}{/usr/s
hare/texmf/fonts/enc/dvips/lm/lm-mathsy.enc}{/usr/share/texmf/fonts/enc/dvips/l
m/lm-mathex.enc}] [2]) (./sections/02_exact_geometry.tex [3])
(./sections/03_failure_completion.tex [4] [5] [6])
(./sections/04_fenchel_selection.tex [7] [8] [9] [10
pdfTeX warning (ext4): destination with the same identifier (name{equation.4.40
}) has been already used, duplicate ignored
<argument> ...shipout:D \box_use:N \l_shipout_box 
                                                  \__shipout_drop_firstpage_...
l.334 \end{equation}
                    ] [11]) (./sections/05_singular_rates.tex [12] [13]
[14] [15] [16] [17] [18] [19] [20] [21]) (./sections/05b_numerical.tex
(./generated/numerical_macros.tex) [22]) (./sections/06_discussion.tex [23])
(./main_review.bbl
Underfull \hbox (badness 1728) in paragraph at lines 22--27
[]\T1/lmr/m/n/10 (+20) Dmitrii Feok-tis-tov, Tim-o-fey Be-lin-sky, An-drey Vepr
ikov, Amir Zain-ullin, and Alek-sandr
[24] [25]) [26] (./main_review.aux) ) )
(see the transcript file for additional information)</usr/share/texmf/fonts/typ
e1/public/lm/lmbx10.pfb></usr/share/texmf/fonts/type1/public/lm/lmbx12.pfb></us
r/share/texmf/fonts/type1/public/lm/lmbx9.pfb></usr/share/texmf/fonts/type1/pub
lic/lm/lmex10.pfb></usr/share/texmf/fonts/type1/public/lm/lmmi10.pfb></usr/shar
e/texmf/fonts/type1/public/lm/lmmi5.pfb></usr/share/texmf/fonts/type1/public/lm
/lmmi7.pfb></usr/share/texmf/fonts/type1/public/lm/lmmi9.pfb></usr/share/texmf/
fonts/type1/public/lm/lmr10.pfb></usr/share/texmf/fonts/type1/public/lm/lmr12.p
fb></usr/share/texmf/fonts/type1/public/lm/lmr17.pfb></usr/share/texmf/fonts/ty
pe1/public/lm/lmr5.pfb></usr/share/texmf/fonts/type1/public/lm/lmr7.pfb></usr/s
hare/texmf/fonts/type1/public/lm/lmr9.pfb></usr/share/texmf/fonts/type1/public/
lm/lmri10.pfb></usr/share/texmf/fonts/type1/public/lm/lmsy10.pfb></usr/share/te
xmf/fonts/type1/public/lm/lmsy5.pfb></usr/share/texmf/fonts/type1/public/lm/lms
y7.pfb></usr/share/texlive/texmf-dist/fonts/type1/public/amsfonts/symbols/msbm1
0.pfb></usr/share/texlive/texmf-dist/fonts/type1/public/amsfonts/symbols/msbm7.
pfb>
Output written on main_review.pdf (26 pages, 512947 bytes).
Transcript written on main_review.log.
