{
  "output": "/workspace/scratch/9ac978590e9f/work_0919/gpu_suite/results/final_resume_guard/sso_cpu_l93tc3xi/data",
  "sources": [
    {
      "name": "fixture",
      "weight": 1.0,
      "tokens": {
        "train": 4145,
        "val": 1067,
        "test": 1069
      },
      "documents": {
        "train": 66,
        "val": 17,
        "test": 17
      },
      "duplicates_skipped": 0,
      "requested_quota": {
        "train": 4096,
        "val": 1024,
        "test": 1024
      }
    }
  ]
}
{"step": 4, "train_loss": 5.508454322814941, "lr": 0.0006954058453981609, "grad_norm": 1.3978323936462402, "tokens_seen": 128, "step_seconds": 0.002289087999088224, "diagnostic_step": false, "elapsed_training_without_diagnostic_steps": 0.012994550994335441, "elapsed_diagnostic_steps": 0.0, "solver_status_counts": {}, "validation": {"loss": 5.484812498092651, "perplexity": 241.00375109827323, "tokens": 32, "sampling": "fixed independent windows with replacement; identical across all runs", "source_sequence_counts": [4]}}
{"step": 4, "train_loss": 5.526310920715332, "lr": 0.0006954058453981609, "grad_norm": 1.403312087059021, "tokens_seen": 128, "step_seconds": 0.007065738998790039, "diagnostic_step": true, "elapsed_training_without_diagnostic_steps": 0.006496634996437933, "elapsed_diagnostic_steps": 0.015533189998677699, "solver_status_counts": {}, "validation": {"loss": 5.509689807891846, "perplexity": 247.0744746275915, "tokens": 32, "sampling": "fixed independent windows with replacement; identical across all runs", "source_sequence_counts": [4]}}
{"step": 4, "train_loss": 5.526317834854126, "lr": 0.0006954058453981609, "grad_norm": 1.4035090208053589, "tokens_seen": 128, "step_seconds": 0.0084411710013228, "diagnostic_step": true, "elapsed_training_without_diagnostic_steps": 0.010703419997298624, "elapsed_diagnostic_steps": 0.017467189998569665, "solver_status_counts": {}, "validation": {"loss": 5.509700059890747, "perplexity": 247.0770076478182, "tokens": 32, "sampling": "fixed independent windows with replacement; identical across all runs", "source_sequence_counts": [4]}}
{"step": 4, "train_loss": 5.526298761367798, "lr": 0.0006954058453981609, "grad_norm": 1.4029853343963623, "tokens_seen": 128, "step_seconds": 0.020414395999978296, "diagnostic_step": true, "elapsed_training_without_diagnostic_steps": 0.03276553999967291, "elapsed_diagnostic_steps": 0.038640353002847405, "solver_status_counts": {"converged": 6}, "validation": {"loss": 5.509685754776001, "perplexity": 247.07347320815302, "tokens": 32, "sampling": "fixed independent windows with replacement; identical across all runs", "source_sequence_counts": [4]}}
{"step": 4, "train_loss": 5.526367902755737, "lr": 0.0006954058453981609, "grad_norm": 1.4034205675125122, "tokens_seen": 128, "step_seconds": 0.02143248699940159, "diagnostic_step": true, "elapsed_training_without_diagnostic_steps": 0.03692393399978755, "elapsed_diagnostic_steps": 0.04051835999780451, "solver_status_counts": {"converged": 6}, "validation": {"loss": 5.509753465652466, "perplexity": 247.09020333597456, "tokens": 32, "sampling": "fixed independent windows with replacement; identical across all runs", "source_sequence_counts": [4]}}
{"step": 2, "train_loss": 5.556021690368652, "lr": 0.002604594154601839, "grad_norm": 1.3865586519241333, "tokens_seen": 64, "step_seconds": 0.018974348000483587, "diagnostic_step": true, "elapsed_training_without_diagnostic_steps": 0.015605196000251453, "elapsed_diagnostic_steps": 0.018974348000483587, "solver_status_counts": {"converged": 6}, "validation": {"loss": 5.52314829826355, "perplexity": 250.42220120717093, "tokens": 32, "sampling": "fixed independent windows with replacement; identical across all runs", "source_sequence_counts": [4]}}
{"step": 4, "train_loss": 5.526298761367798, "lr": 0.0006954058453981609, "grad_norm": 1.4029853343963623, "tokens_seen": 128, "step_seconds": 0.0222460549994139, "diagnostic_step": true, "elapsed_training_without_diagnostic_steps": 0.033162620002258336, "elapsed_diagnostic_steps": 0.04122040299989749, "solver_status_counts": {"converged": 6}, "validation": {"loss": 5.509685754776001, "perplexity": 247.07347320815302, "tokens": 32, "sampling": "fixed independent windows with replacement; identical across all runs", "source_sequence_counts": [4]}}
{"groups": 5, "incomplete": 0, "output": "/workspace/scratch/9ac978590e9f/work_0919/gpu_suite/results/final_resume_guard/summary.json"}
{
  "environment": {
    "python": "3.12.14 (main, Aug 25 2026, 14:00:49) [Clang 22.1.3 ]",
    "platform": "Linux-6.18.44-x86_64-with-glibc2.39",
    "torch": "2.14.0+cpu",
    "numpy": "2.3.5",
    "cuda_runtime": null,
    "cuda_available": false,
    "gpu": null
  },
  "gpu_executed": false,
  "five_optimizers_real_lm_steps": true,
  "cpu_resume_parameter_max_abs_difference": 0.0,
  "identical_initialization_all_optimizers": true,
  "split_document_hashes_disjoint": true,
  "changed_config_resume_refused": true,
  "completed_resume_preserves_validation": true,
  "dirty_output_directory_refused": true,
  "backward_resume_stop_refused": true,
  "corrupt_data_refused": true,
  "run_directory": "/workspace/scratch/9ac978590e9f/work_0919/gpu_suite/results/final_resume_guard/sso_cpu_l93tc3xi",
  "validation_loss": {
    "adamw": 5.484812498092651,
    "muon": 5.509689807891846,
    "muon_sphere": 5.509700059890747,
    "sso_ns": 5.509685754776001,
    "sso_ns_repair_svd": 5.509753465652466
  },
  "scope": "Engineering smoke test on synthetic bytes; not evidence of optimizer superiority or real-corpus/GPU replication.",
  "summary_cli_passed": true
}
