Warning: You are sending unauthenticated requests to the HF Hub. Please set a HF_TOKEN to enable higher rate limits and faster downloads.
{
  "output": "results/real_tinystories_data",
  "sources": [
    {
      "name": "tinystories",
      "weight": 1.0,
      "tokens": {
        "train": 2147,
        "val": 624,
        "test": 668
      },
      "documents": {
        "train": 11,
        "val": 4,
        "test": 4
      },
      "duplicates_skipped": 0,
      "requested_quota": {
        "train": 2048,
        "val": 512,
        "test": 512
      }
    }
  ]
}
